// Vitest Snapshot v1, https://vitest.dev/guide/snapshot.html

exports[`Atom > AtomEntry toXML 1`] = `
"<entry><id>https://example.com/a</id><title>title</title><author><name
    >author</name></author><link href=\\"https://example.com\\" /><updated
  >2001-02-03T16:05:06Z</updated><summary
  >this is a summary text</summary><content
    type=\\"html\\"
  >this is a content of the entry</content></entry>
"
`;

exports[`Atom > AtomFeed toXML 1`] = `
"<?xml version=\\"1.0\\" encoding=\\"utf-8\\" ?>
<feed xmlns=\\"http://www.w3.org/2005/Atom\\"><id>https://example.com</id><title
  >feed_title</title><link href=\\"https://example.com\\" rel=\\"self\\" /><updated
  >2001-02-03T16:05:06Z</updated><entry><id>https://example.com/a</id><title
    >title</title><author><name>author</name></author><link
      href=\\"https://example.com\\"
    /><updated>2001-02-03T16:05:06Z</updated><summary
    >this is a summary text</summary><content
      type=\\"html\\"
    >this is a content of the entry</content></entry></feed>
"
`;
