// Vitest Snapshot v1, https://vitest.dev/guide/snapshot.html

exports[`xml2json > should convert xml to json 1`] = `
{
  "_declaration": {
    "_attributes": {
      "encoding": "utf-8",
      "version": "1.0",
    },
  },
  "feed": {
    "_attributes": {
      "xmlns": "http://www.w3.org/2005/Atom",
    },
    "entry": [
      {
        "author": {
          "name": {
            "_text": "Chromium issue tracker",
          },
        },
        "content": {
          "_attributes": {
            "type": "html",
          },
          "_text": "Click to view details",
        },
        "id": {
          "_text": "360246809",
        },
        "link": {
          "_attributes": {
            "href": "https://issues.chromium.org/issues/360246809",
          },
        },
        "summary": {
          "_text": "Click to view details",
        },
        "title": {
          "_text": "【Chromium &gt; Blink &gt; Storage &gt; FileSystem】 [WPT] New & failures introduced in external/wpt/fs by import https://crrev.com/c/5793999",
        },
        "updated": {
          "_text": "Aug 17, 2024 09:12AM",
        },
      },
      {
        "author": {
          "name": {
            "_text": "Chromium issue tracker",
          },
        },
        "content": {
          "_attributes": {
            "type": "html",
          },
          "_text": "Click to view details",
        },
        "id": {
          "_text": "360234498",
        },
        "link": {
          "_attributes": {
            "href": "https://issues.chromium.org/issues/360234498",
          },
        },
        "summary": {
          "_text": "Click to view details",
        },
        "title": {
          "_text": "【Chromium &gt; Blink &gt; Layout &gt; Inline】 [WPT] New failures introduced in external/wpt/css/css-inline by import https://crrev.com/c/5793999",
        },
        "updated": {
          "_text": "Aug 17, 2024 09:12AM",
        },
      },
      {
        "author": {
          "name": {
            "_text": "Chromium issue tracker",
          },
        },
        "content": {
          "_attributes": {
            "type": "html",
          },
          "_text": "Click to view details",
        },
        "id": {
          "_text": "360354545",
        },
        "link": {
          "_attributes": {
            "href": "https://issues.chromium.org/issues/360354545",
          },
        },
        "summary": {
          "_text": "Click to view details",
        },
        "title": {
          "_text": "【Chromium &gt; Blink &gt; GetDisplayMedia】 Add method that forwards wheel events given an element",
        },
        "updated": {
          "_text": "Aug 17, 2024 09:12AM",
        },
      },
      {
        "author": {
          "name": {
            "_text": "Chromium issue tracker",
          },
        },
        "content": {
          "_attributes": {
            "type": "html",
          },
          "_text": "Click to view details",
        },
        "id": {
          "_text": "360380691",
        },
        "link": {
          "_attributes": {
            "href": "https://issues.chromium.org/issues/360380691",
          },
        },
        "summary": {
          "_text": "Click to view details",
        },
        "title": {
          "_text": "【Chromium &gt; UI &gt; Browser &gt; FullScreen】 Update exclusive access bubble to be opaque and show origin",
        },
        "updated": {
          "_text": "Aug 17, 2024 09:09AM",
        },
      },
      {
        "author": {
          "name": {
            "_text": "Chromium issue tracker",
          },
        },
        "content": {
          "_attributes": {
            "type": "html",
          },
          "_text": "Click to view details",
        },
        "id": {
          "_text": "360207717",
        },
        "link": {
          "_attributes": {
            "href": "https://issues.chromium.org/issues/360207717",
          },
        },
        "summary": {
          "_text": "Click to view details",
        },
        "title": {
          "_text": "【Chromium &gt; Speed (Use Subcomponents) &gt; Regressions】 [V8 JetStream2 Perf Sheriff]: [1] regressions in jetstream2",
        },
        "updated": {
          "_text": "Aug 17, 2024 08:38AM",
        },
      },
      {
        "author": {
          "name": {
            "_text": "Chromium issue tracker",
          },
        },
        "content": {
          "_attributes": {
            "type": "html",
          },
          "_text": "Click to view details",
        },
        "id": {
          "_text": "360440462",
        },
        "link": {
          "_attributes": {
            "href": "https://issues.chromium.org/issues/360440462",
          },
        },
        "summary": {
          "_text": "Click to view details",
        },
        "title": {
          "_text": "【Chromium &gt; UI &gt; Browser &gt; Mobile &gt; iOSSearch】 [Bling Chromnient] Define shader behavior for a11",
        },
        "updated": {
          "_text": "Aug 17, 2024 08:12AM",
        },
      },
      {
        "author": {
          "name": {
            "_text": "Chromium issue tracker",
          },
        },
        "content": {
          "_attributes": {
            "type": "html",
          },
          "_text": "Click to view details",
        },
        "id": {
          "_text": "360439152",
        },
        "link": {
          "_attributes": {
            "href": "https://issues.chromium.org/issues/360439152",
          },
        },
        "summary": {
          "_text": "Click to view details",
        },
        "title": {
          "_text": "【Chromium &gt; Blink &gt; Media &gt; PictureInPicture】 Tests are failing: auto_picture_in_picture_tab_helper_browsertest.cc(387): Value of: tab_helper-&gt;IsInAutoPictureInPicture()\\\\n Actual: true\\\\nExpected: false",
        },
        "updated": {
          "_text": "Aug 17, 2024 08:10AM",
        },
      },
      {
        "author": {
          "name": {
            "_text": "Chromium issue tracker",
          },
        },
        "content": {
          "_attributes": {
            "type": "html",
          },
          "_text": "Click to view details",
        },
        "id": {
          "_text": "360232043",
        },
        "link": {
          "_attributes": {
            "href": "https://issues.chromium.org/issues/360232043",
          },
        },
        "summary": {
          "_text": "Click to view details",
        },
        "title": {
          "_text": "【Chromium &gt; Speed (Use Subcomponents) &gt; Regressions】 [Graphics]: [1] regressions in rendering.mobile",
        },
        "updated": {
          "_text": "Aug 17, 2024 08:02AM",
        },
      },
      {
        "author": {
          "name": {
            "_text": "Chromium issue tracker",
          },
        },
        "content": {
          "_attributes": {
            "type": "html",
          },
          "_text": "Click to view details",
        },
        "id": {
          "_text": "360364288",
        },
        "link": {
          "_attributes": {
            "href": "https://issues.chromium.org/issues/360364288",
          },
        },
        "summary": {
          "_text": "Click to view details",
        },
        "title": {
          "_text": "【Chromium &gt; Internals &gt; GPU &gt; Video】 Full Range video Seems to not correctly be displayed on AMD IGPU When MPO is enabled.",
        },
        "updated": {
          "_text": "Aug 17, 2024 07:45AM",
        },
      },
      {
        "author": {
          "name": {
            "_text": "Chromium issue tracker",
          },
        },
        "content": {
          "_attributes": {
            "type": "html",
          },
          "_text": "Click to view details",
        },
        "id": {
          "_text": "360357720",
        },
        "link": {
          "_attributes": {
            "href": "https://issues.chromium.org/issues/360357720",
          },
        },
        "summary": {
          "_text": "Click to view details",
        },
        "title": {
          "_text": "【Chromium &gt; Blink &gt; Forms &gt; Select】 select::select-fallback-button::before should be able to set color from author stylesheet",
        },
        "updated": {
          "_text": "Aug 17, 2024 07:41AM",
        },
      },
      {
        "author": {
          "name": {
            "_text": "Chromium issue tracker",
          },
        },
        "content": {
          "_attributes": {
            "type": "html",
          },
          "_text": "Click to view details",
        },
        "id": {
          "_text": "360430665",
        },
        "link": {
          "_attributes": {
            "href": "https://issues.chromium.org/issues/360430665",
          },
        },
        "summary": {
          "_text": "Click to view details",
        },
        "title": {
          "_text": "【Chromium &gt; UI &gt; Browser】 OmniboxHeaderView is off by 1px",
        },
        "updated": {
          "_text": "Aug 17, 2024 07:34AM",
        },
      },
      {
        "author": {
          "name": {
            "_text": "Chromium issue tracker",
          },
        },
        "content": {
          "_attributes": {
            "type": "html",
          },
          "_text": "Click to view details",
        },
        "id": {
          "_text": "360234497",
        },
        "link": {
          "_attributes": {
            "href": "https://issues.chromium.org/issues/360234497",
          },
        },
        "summary": {
          "_text": "Click to view details",
        },
        "title": {
          "_text": "【Chromium】 open_type_math_support_fuzzer: Abrt in std::sys::backtrace::__rust_end_short_backtrace::h12400e7a8ed569a8",
        },
        "updated": {
          "_text": "Aug 17, 2024 07:30AM",
        },
      },
      {
        "author": {
          "name": {
            "_text": "Chromium issue tracker",
          },
        },
        "content": {
          "_attributes": {
            "type": "html",
          },
          "_text": "Click to view details",
        },
        "id": {
          "_text": "360432740",
        },
        "link": {
          "_attributes": {
            "href": "https://issues.chromium.org/issues/360432740",
          },
        },
        "summary": {
          "_text": "Click to view details",
        },
        "title": {
          "_text": "【Chromium &gt; Admin (Use Subcomponents) &gt; Component Request】 [Component]: Update component id 1525742 visibility",
        },
        "updated": {
          "_text": "Aug 17, 2024 07:11AM",
        },
      },
      {
        "author": {
          "name": {
            "_text": "Chromium issue tracker",
          },
        },
        "content": {
          "_attributes": {
            "type": "html",
          },
          "_text": "Click to view details",
        },
        "id": {
          "_text": "360357718",
        },
        "link": {
          "_attributes": {
            "href": "https://issues.chromium.org/issues/360357718",
          },
        },
        "summary": {
          "_text": "Click to view details",
        },
        "title": {
          "_text": "【Chromium &gt; Internals &gt; Network】 Global Reachability ignored when OSX has multiple DNS resolver configs on non-global IPV6 net",
        },
        "updated": {
          "_text": "Aug 17, 2024 06:59AM",
        },
      },
      {
        "author": {
          "name": {
            "_text": "Chromium issue tracker",
          },
        },
        "content": {
          "_attributes": {
            "type": "html",
          },
          "_text": "Click to view details",
        },
        "id": {
          "_text": "360427183",
        },
        "link": {
          "_attributes": {
            "href": "https://issues.chromium.org/issues/360427183",
          },
        },
        "summary": {
          "_text": "Click to view details",
        },
        "title": {
          "_text": "【Chromium &gt; Blink &gt; Storage &gt; FileSystem】 Change Observer: Deleting \\"Site settings\\" in \\"Delete browsing data\\" stops observation but doesn't destroy it",
        },
        "updated": {
          "_text": "Aug 17, 2024 06:36AM",
        },
      },
      {
        "author": {
          "name": {
            "_text": "Chromium issue tracker",
          },
        },
        "content": {
          "_attributes": {
            "type": "html",
          },
          "_text": "Click to view details",
        },
        "id": {
          "_text": "360354542",
        },
        "link": {
          "_attributes": {
            "href": "https://issues.chromium.org/issues/360354542",
          },
        },
        "summary": {
          "_text": "Click to view details",
        },
        "title": {
          "_text": "【Chromium &gt; Services (Use Subcomponents) &gt; Safebrowsing】 SiteEngagementService::AddPoints() does not work if engagement was in afternoon of previous day",
        },
        "updated": {
          "_text": "Aug 17, 2024 06:36AM",
        },
      },
      {
        "author": {
          "name": {
            "_text": "Chromium issue tracker",
          },
        },
        "content": {
          "_attributes": {
            "type": "html",
          },
          "_text": "Click to view details",
        },
        "id": {
          "_text": "360380688",
        },
        "link": {
          "_attributes": {
            "href": "https://issues.chromium.org/issues/360380688",
          },
        },
        "summary": {
          "_text": "Click to view details",
        },
        "title": {
          "_text": "【Chromium &gt; Blink &gt; JavaScript &gt; WebAssembly】 JS String Builtins: guard utf-8 encoding/decoding with separate flag",
        },
        "updated": {
          "_text": "Aug 17, 2024 06:30AM",
        },
      },
      {
        "author": {
          "name": {
            "_text": "Chromium issue tracker",
          },
        },
        "content": {
          "_attributes": {
            "type": "html",
          },
          "_text": "Click to view details",
        },
        "id": {
          "_text": "360425828",
        },
        "link": {
          "_attributes": {
            "href": "https://issues.chromium.org/issues/360425828",
          },
        },
        "summary": {
          "_text": "Click to view details",
        },
        "title": {
          "_text": "【Chromium &gt; Test (Use Subcomponents) &gt; Android】 Scope unnecessarily unscoped elements in PageStation and TabSwitcherStation",
        },
        "updated": {
          "_text": "Aug 17, 2024 06:30AM",
        },
      },
      {
        "author": {
          "name": {
            "_text": "Chromium issue tracker",
          },
        },
        "content": {
          "_attributes": {
            "type": "html",
          },
          "_text": "Click to view details",
        },
        "id": {
          "_text": "360160864",
        },
        "link": {
          "_attributes": {
            "href": "https://issues.chromium.org/issues/360160864",
          },
        },
        "summary": {
          "_text": "Click to view details",
        },
        "title": {
          "_text": "【Chromium &gt; Blink &gt; PrivateAggregation】 Alternative max contributions per calling API",
        },
        "updated": {
          "_text": "Aug 17, 2024 06:15AM",
        },
      },
      {
        "author": {
          "name": {
            "_text": "Chromium issue tracker",
          },
        },
        "content": {
          "_attributes": {
            "type": "html",
          },
          "_text": "Click to view details",
        },
        "id": {
          "_text": "360420742",
        },
        "link": {
          "_attributes": {
            "href": "https://issues.chromium.org/issues/360420742",
          },
        },
        "summary": {
          "_text": "Click to view details",
        },
        "title": {
          "_text": "【Chromium &gt; Blink &gt; DefaultNavigationTransitions】 Add tracing for DNT",
        },
        "updated": {
          "_text": "Aug 17, 2024 06:13AM",
        },
      },
      {
        "author": {
          "name": {
            "_text": "Chromium issue tracker",
          },
        },
        "content": {
          "_attributes": {
            "type": "html",
          },
          "_text": "Click to view details",
        },
        "id": {
          "_text": "360357715",
        },
        "link": {
          "_attributes": {
            "href": "https://issues.chromium.org/issues/360357715",
          },
        },
        "summary": {
          "_text": "Click to view details",
        },
        "title": {
          "_text": "【Chromium &gt; Internals &gt; Media &gt; UI】 Update video picture-in-picture controls for 2024",
        },
        "updated": {
          "_text": "Aug 17, 2024 06:02AM",
        },
      },
      {
        "author": {
          "name": {
            "_text": "Chromium issue tracker",
          },
        },
        "content": {
          "_attributes": {
            "type": "html",
          },
          "_text": "Click to view details",
        },
        "id": {
          "_text": "360416397",
        },
        "link": {
          "_attributes": {
            "href": "https://issues.chromium.org/issues/360416397",
          },
        },
        "summary": {
          "_text": "Click to view details",
        },
        "title": {
          "_text": "【Chromium &gt; Services (Use Subcomponents) &gt; Safebrowsing】 Tests are failing: download_protection_service_unittest.cc(2466): Value of: HasClientDownloadRequest()\\\\n Actual: false\\\\nExpected: true",
        },
        "updated": {
          "_text": "Aug 17, 2024 05:40AM",
        },
      },
      {
        "author": {
          "name": {
            "_text": "Chromium issue tracker",
          },
        },
        "content": {
          "_attributes": {
            "type": "html",
          },
          "_text": "Click to view details",
        },
        "id": {
          "_text": "360207716",
        },
        "link": {
          "_attributes": {
            "href": "https://issues.chromium.org/issues/360207716",
          },
        },
        "summary": {
          "_text": "Click to view details",
        },
        "title": {
          "_text": "【Chromium &gt; Speed (Use Subcomponents) &gt; Regressions】 [V8 Memory Perf Sheriff]: [1] regressions in system_health.memory_mobile",
        },
        "updated": {
          "_text": "Aug 17, 2024 05:36AM",
        },
      },
      {
        "author": {
          "name": {
            "_text": "Chromium issue tracker",
          },
        },
        "content": {
          "_attributes": {
            "type": "html",
          },
          "_text": "Click to view details",
        },
        "id": {
          "_text": "360412497",
        },
        "link": {
          "_attributes": {
            "href": "https://issues.chromium.org/issues/360412497",
          },
        },
        "summary": {
          "_text": "Click to view details",
        },
        "title": {
          "_text": "【Chromium &gt; Blink &gt; DefaultNavigationTransitions】 NavigationRequest has a stale value of GetReloadType()",
        },
        "updated": {
          "_text": "Aug 17, 2024 05:35AM",
        },
      },
      {
        "author": {
          "name": {
            "_text": "Chromium issue tracker",
          },
        },
        "content": {
          "_attributes": {
            "type": "html",
          },
          "_text": "Click to view details",
        },
        "id": {
          "_text": "360160863",
        },
        "link": {
          "_attributes": {
            "href": "https://issues.chromium.org/issues/360160863",
          },
        },
        "summary": {
          "_text": "Click to view details",
        },
        "title": {
          "_text": "【Chromium &gt; Blink &gt; WebAuthentication】 Key account state cache by gaia id",
        },
        "updated": {
          "_text": "Aug 17, 2024 05:31AM",
        },
      },
      {
        "author": {
          "name": {
            "_text": "Chromium issue tracker",
          },
        },
        "content": {
          "_attributes": {
            "type": "html",
          },
          "_text": "Click to view details",
        },
        "id": {
          "_text": "360412447",
        },
        "link": {
          "_attributes": {
            "href": "https://issues.chromium.org/issues/360412447",
          },
        },
        "summary": {
          "_text": "Click to view details",
        },
        "title": {
          "_text": "【Chromium &gt; UI &gt; Browser &gt; PopupBlocker】 Tests are failing: popup_blocker_browsertest.cc(871): Value of: content_settings::PageSpecificContentSettings::GetForFrame( tab_2-&gt;GetPrimaryMainFrame()) -&gt;IsContentB...",
        },
        "updated": {
          "_text": "Aug 17, 2024 05:24AM",
        },
      },
      {
        "author": {
          "name": {
            "_text": "Chromium issue tracker",
          },
        },
        "content": {
          "_attributes": {
            "type": "html",
          },
          "_text": "Click to view details",
        },
        "id": {
          "_text": "360409302",
        },
        "link": {
          "_attributes": {
            "href": "https://issues.chromium.org/issues/360409302",
          },
        },
        "summary": {
          "_text": "Click to view details",
        },
        "title": {
          "_text": "【Chromium &gt; Dawn &gt; Tint】 Specify fp edge cases more clearly",
        },
        "updated": {
          "_text": "Aug 17, 2024 05:24AM",
        },
      },
      {
        "author": {
          "name": {
            "_text": "Chromium issue tracker",
          },
        },
        "content": {
          "_attributes": {
            "type": "html",
          },
          "_text": "Click to view details",
        },
        "id": {
          "_text": "360265324",
        },
        "link": {
          "_attributes": {
            "href": "https://issues.chromium.org/issues/360265324",
          },
        },
        "summary": {
          "_text": "Click to view details",
        },
        "title": {
          "_text": "【Chromium &gt; Platform &gt; Extensions】 Clean up EventRouterForwarder",
        },
        "updated": {
          "_text": "Aug 17, 2024 05:23AM",
        },
      },
      {
        "author": {
          "name": {
            "_text": "Chromium issue tracker",
          },
        },
        "content": {
          "_attributes": {
            "type": "html",
          },
          "_text": "Click to view details",
        },
        "id": {
          "_text": "360411349",
        },
        "link": {
          "_attributes": {
            "href": "https://issues.chromium.org/issues/360411349",
          },
        },
        "summary": {
          "_text": "Click to view details",
        },
        "title": {
          "_text": "【Chromium &gt; UI &gt; Input &gt; Text】 [Test Reviver] Passing in selected builders: ninja://content/shell/android:content_shell_test_apk/org.chromium.content.browser.input.TextSuggestionMenuTest#testDeleteWordMarkedWithSuggestionMarker",
        },
        "updated": {
          "_text": "Aug 17, 2024 05:20AM",
        },
      },
      {
        "author": {
          "name": {
            "_text": "Chromium issue tracker",
          },
        },
        "content": {
          "_attributes": {
            "type": "html",
          },
          "_text": "Click to view details",
        },
        "id": {
          "_text": "360354541",
        },
        "link": {
          "_attributes": {
            "href": "https://issues.chromium.org/issues/360354541",
          },
        },
        "summary": {
          "_text": "Click to view details",
        },
        "title": {
          "_text": "【Chromium &gt; Internals &gt; GPU】 Video Playback Frame Drops w/ Multi-Mon Multi-Refresh Setups",
        },
        "updated": {
          "_text": "Aug 17, 2024 05:14AM",
        },
      },
      {
        "author": {
          "name": {
            "_text": "Chromium issue tracker",
          },
        },
        "content": {
          "_attributes": {
            "type": "html",
          },
          "_text": "Click to view details",
        },
        "id": {
          "_text": "360246808",
        },
        "link": {
          "_attributes": {
            "href": "https://issues.chromium.org/issues/360246808",
          },
        },
        "summary": {
          "_text": "Click to view details",
        },
        "title": {
          "_text": "【Chromium &gt; Blink &gt; Infra &gt; Ecosystem】 [WPT] New failures introduced in external by import https://crrev.com/c/5793758",
        },
        "updated": {
          "_text": "Aug 17, 2024 05:02AM",
        },
      },
      {
        "author": {
          "name": {
            "_text": "Chromium issue tracker",
          },
        },
        "content": {
          "_attributes": {
            "type": "html",
          },
          "_text": "Click to view details",
        },
        "id": {
          "_text": "360265323",
        },
        "link": {
          "_attributes": {
            "href": "https://issues.chromium.org/issues/360265323",
          },
        },
        "summary": {
          "_text": "Click to view details",
        },
        "title": {
          "_text": "【Chromium &gt; Infra &gt; Test】 Running \`testing_with_dummy_home.py\` before \`xvfb.py\` while running browsertests leads to an almost 8x-10x increase in running time",
        },
        "updated": {
          "_text": "Aug 17, 2024 04:48AM",
        },
      },
      {
        "author": {
          "name": {
            "_text": "Chromium issue tracker",
          },
        },
        "content": {
          "_attributes": {
            "type": "html",
          },
          "_text": "Click to view details",
        },
        "id": {
          "_text": "360401811",
        },
        "link": {
          "_attributes": {
            "href": "https://issues.chromium.org/issues/360401811",
          },
        },
        "summary": {
          "_text": "Click to view details",
        },
        "title": {
          "_text": "【Chromium &gt; Privacy &gt; Fingerprinting &gt; IPProtection】 Move ip_protection related files in webview to subdir",
        },
        "updated": {
          "_text": "Aug 17, 2024 04:39AM",
        },
      },
      {
        "author": {
          "name": {
            "_text": "Chromium issue tracker",
          },
        },
        "content": {
          "_attributes": {
            "type": "html",
          },
          "_text": "Click to view details",
        },
        "id": {
          "_text": "360401213",
        },
        "link": {
          "_attributes": {
            "href": "https://issues.chromium.org/issues/360401213",
          },
        },
        "summary": {
          "_text": "Click to view details",
        },
        "title": {
          "_text": "【Chromium &gt; Blink &gt; Storage &gt; FileSystem】 Change Observer: Permission status changes can cause crashes",
        },
        "updated": {
          "_text": "Aug 17, 2024 04:26AM",
        },
      },
      {
        "author": {
          "name": {
            "_text": "Chromium issue tracker",
          },
        },
        "content": {
          "_attributes": {
            "type": "html",
          },
          "_text": "Click to view details",
        },
        "id": {
          "_text": "360401210",
        },
        "link": {
          "_attributes": {
            "href": "https://issues.chromium.org/issues/360401210",
          },
        },
        "summary": {
          "_text": "Click to view details",
        },
        "title": {
          "_text": "【Chromium &gt; Services (Use Subcomponents) &gt; SignIn】 \\"Chrome_iOS_MetricKit: Crash Report - -[AccountsMediator identityUpdated:]\\" test case coverage needed in Earl Grey or unittests for issue 358091653",
        },
        "updated": {
          "_text": "Aug 17, 2024 04:26AM",
        },
      },
      {
        "author": {
          "name": {
            "_text": "Chromium issue tracker",
          },
        },
        "content": {
          "_attributes": {
            "type": "html",
          },
          "_text": "Click to view details",
        },
        "id": {
          "_text": "360357709",
        },
        "link": {
          "_attributes": {
            "href": "https://issues.chromium.org/issues/360357709",
          },
        },
        "summary": {
          "_text": "Click to view details",
        },
        "title": {
          "_text": "【Chromium &gt; Blink &gt; Media &gt; PictureInPicture】 Improve autopip prompt metrics",
        },
        "updated": {
          "_text": "Aug 17, 2024 04:15AM",
        },
      },
      {
        "author": {
          "name": {
            "_text": "Chromium issue tracker",
          },
        },
        "content": {
          "_attributes": {
            "type": "html",
          },
          "_text": "Click to view details",
        },
        "id": {
          "_text": "360396784",
        },
        "link": {
          "_attributes": {
            "href": "https://issues.chromium.org/issues/360396784",
          },
        },
        "summary": {
          "_text": "Click to view details",
        },
        "title": {
          "_text": "【Chromium &gt; UI &gt; Browser】 Enable DefaultBrowserScreenTestCase Test",
        },
        "updated": {
          "_text": "Aug 17, 2024 04:14AM",
        },
      },
      {
        "author": {
          "name": {
            "_text": "Chromium issue tracker",
          },
        },
        "content": {
          "_attributes": {
            "type": "html",
          },
          "_text": "Click to view details",
        },
        "id": {
          "_text": "360397654",
        },
        "link": {
          "_attributes": {
            "href": "https://issues.chromium.org/issues/360397654",
          },
        },
        "summary": {
          "_text": "Click to view details",
        },
        "title": {
          "_text": "【Chromium &gt; Blink &gt; DefaultNavigationTransitions】 Inconsistent behavior of selection handles when DNT is enabled.",
        },
        "updated": {
          "_text": "Aug 17, 2024 04:11AM",
        },
      },
      {
        "author": {
          "name": {
            "_text": "Chromium issue tracker",
          },
        },
        "content": {
          "_attributes": {
            "type": "html",
          },
          "_text": "Click to view details",
        },
        "id": {
          "_text": "360321351",
        },
        "link": {
          "_attributes": {
            "href": "https://issues.chromium.org/issues/360321351",
          },
        },
        "summary": {
          "_text": "Click to view details",
        },
        "title": {
          "_text": "【Chromium】 Crash when using --install-chrome-app command line switch",
        },
        "updated": {
          "_text": "Aug 17, 2024 04:10AM",
        },
      },
      {
        "author": {
          "name": {
            "_text": "Chromium issue tracker",
          },
        },
        "content": {
          "_attributes": {
            "type": "html",
          },
          "_text": "Click to view details",
        },
        "id": {
          "_text": "360357708",
        },
        "link": {
          "_attributes": {
            "href": "https://issues.chromium.org/issues/360357708",
          },
        },
        "summary": {
          "_text": "Click to view details",
        },
        "title": {
          "_text": "【Chromium &gt; Blink】 getDisplayMedia() parameter type \\"DisplayMediaStreamOptions\\" does not accept \\"preferCurrentTab\\"",
        },
        "updated": {
          "_text": "Aug 17, 2024 04:03AM",
        },
      },
      {
        "author": {
          "name": {
            "_text": "Chromium issue tracker",
          },
        },
        "content": {
          "_attributes": {
            "type": "html",
          },
          "_text": "Click to view details",
        },
        "id": {
          "_text": "360395573",
        },
        "link": {
          "_attributes": {
            "href": "https://issues.chromium.org/issues/360395573",
          },
        },
        "summary": {
          "_text": "Click to view details",
        },
        "title": {
          "_text": "【Chromium &gt; UI &gt; Browser】 Adjust FRE Segmented Default Browser Promo for Forced Shopper Experience",
        },
        "updated": {
          "_text": "Aug 17, 2024 04:00AM",
        },
      },
      {
        "author": {
          "name": {
            "_text": "Chromium issue tracker",
          },
        },
        "content": {
          "_attributes": {
            "type": "html",
          },
          "_text": "Click to view details",
        },
        "id": {
          "_text": "360246807",
        },
        "link": {
          "_attributes": {
            "href": "https://issues.chromium.org/issues/360246807",
          },
        },
        "summary": {
          "_text": "Click to view details",
        },
        "title": {
          "_text": "【Chromium &gt; Blink &gt; Paint】 [Blink Paint]: [63] regressions in rasterize_and_record_micro.top_25",
        },
        "updated": {
          "_text": "Aug 17, 2024 03:51AM",
        },
      },
      {
        "author": {
          "name": {
            "_text": "Chromium issue tracker",
          },
        },
        "content": {
          "_attributes": {
            "type": "html",
          },
          "_text": "Click to view details",
        },
        "id": {
          "_text": "360163269",
        },
        "link": {
          "_attributes": {
            "href": "https://issues.chromium.org/issues/360163269",
          },
        },
        "summary": {
          "_text": "Click to view details",
        },
        "title": {
          "_text": "【Chromium &gt; Mobile &gt; WebView】 rashidsaifi8529@gmail.com",
        },
        "updated": {
          "_text": "Aug 17, 2024 03:50AM",
        },
      },
      {
        "author": {
          "name": {
            "_text": "Chromium issue tracker",
          },
        },
        "content": {
          "_attributes": {
            "type": "html",
          },
          "_text": "Click to view details",
        },
        "id": {
          "_text": "360163268",
        },
        "link": {
          "_attributes": {
            "href": "https://issues.chromium.org/issues/360163268",
          },
        },
        "summary": {
          "_text": "Click to view details",
        },
        "title": {
          "_text": "【Chromium &gt; Platform &gt; Extensions &gt; API】 Make navigator.storage.persist() available to extensions SWs",
        },
        "updated": {
          "_text": "Aug 17, 2024 03:48AM",
        },
      },
      {
        "author": {
          "name": {
            "_text": "Chromium issue tracker",
          },
        },
        "content": {
          "_attributes": {
            "type": "html",
          },
          "_text": "Click to view details",
        },
        "id": {
          "_text": "360357707",
        },
        "link": {
          "_attributes": {
            "href": "https://issues.chromium.org/issues/360357707",
          },
        },
        "summary": {
          "_text": "Click to view details",
        },
        "title": {
          "_text": "【Chromium &gt; Blink &gt; Forms &gt; Select】 [Keyboard navigation] Crash when navigating with arrow keys in a select with a hidden option as a first child",
        },
        "updated": {
          "_text": "Aug 17, 2024 03:47AM",
        },
      },
      {
        "author": {
          "name": {
            "_text": "Chromium issue tracker",
          },
        },
        "content": {
          "_attributes": {
            "type": "html",
          },
          "_text": "Click to view details",
        },
        "id": {
          "_text": "360394531",
        },
        "link": {
          "_attributes": {
            "href": "https://issues.chromium.org/issues/360394531",
          },
        },
        "summary": {
          "_text": "Click to view details",
        },
        "title": {
          "_text": "【Chromium &gt; Blink &gt; JavaScript &gt; Runtime】 Renderer crashes @ v8::internal::ConstantPoolPointerForwarder::RecordScopeInfos",
        },
        "updated": {
          "_text": "Aug 17, 2024 03:44AM",
        },
      },
      {
        "author": {
          "name": {
            "_text": "Chromium issue tracker",
          },
        },
        "content": {
          "_attributes": {
            "type": "html",
          },
          "_text": "Click to view details",
        },
        "id": {
          "_text": "360391222",
        },
        "link": {
          "_attributes": {
            "href": "https://issues.chromium.org/issues/360391222",
          },
        },
        "summary": {
          "_text": "Click to view details",
        },
        "title": {
          "_text": "【Chromium &gt; UI &gt; Browser &gt; TopChrome &gt; ToolBar】 A11y review bugs",
        },
        "updated": {
          "_text": "Aug 17, 2024 03:26AM",
        },
      },
      {
        "author": {
          "name": {
            "_text": "Chromium issue tracker",
          },
        },
        "content": {
          "_attributes": {
            "type": "html",
          },
          "_text": "Click to view details",
        },
        "id": {
          "_text": "360321349",
        },
        "link": {
          "_attributes": {
            "href": "https://issues.chromium.org/issues/360321349",
          },
        },
        "summary": {
          "_text": "Click to view details",
        },
        "title": {
          "_text": "【Chromium &gt; UI】 Consolidate all the accessibility scale factor code into one file",
        },
        "updated": {
          "_text": "Aug 17, 2024 03:19AM",
        },
      },
      {
        "author": {
          "name": {
            "_text": "Chromium issue tracker",
          },
        },
        "content": {
          "_attributes": {
            "type": "html",
          },
          "_text": "Click to view details",
        },
        "id": {
          "_text": "360387563",
        },
        "link": {
          "_attributes": {
            "href": "https://issues.chromium.org/issues/360387563",
          },
        },
        "summary": {
          "_text": "Click to view details",
        },
        "title": {
          "_text": "【Chromium &gt; Test (Use Subcomponents) &gt; BrowserTests】 Redirect WebContentsInteractionTestUtilInteractiveUiTest to a stable WebUI page",
        },
        "updated": {
          "_text": "Aug 17, 2024 03:03AM",
        },
      },
      {
        "author": {
          "name": {
            "_text": "Chromium issue tracker",
          },
        },
        "content": {
          "_attributes": {
            "type": "html",
          },
          "_text": "Click to view details",
        },
        "id": {
          "_text": "360357706",
        },
        "link": {
          "_attributes": {
            "href": "https://issues.chromium.org/issues/360357706",
          },
        },
        "summary": {
          "_text": "Click to view details",
        },
        "title": {
          "_text": "【Chromium】 HP Chromebook, cannot access my other 2 Gmail accounts within my rayleung517@gmail.com login",
        },
        "updated": {
          "_text": "Aug 17, 2024 02:58AM",
        },
      },
    ],
    "id": {
      "_text": "https://negibokken.github.io/feeds/chromium_issue_tracker/atom.xml",
    },
    "link": {
      "_attributes": {
        "href": "https://negibokken.github.io/feeds/chromium_issue_tracker/atom.xml",
        "rel": "self",
      },
    },
    "title": {
      "_text": "Chromium issue tracker feed",
    },
    "updated": {
      "_text": "Aug 17, 2024 09:12AM",
    },
  },
}
`;
